 
****************************************
Report : constraint
        -all_violators
Design : System_Top
Version: K-2015.06
Date   : Mon Oct 31 03:20:35 2022
****************************************


   max_transition

                             Required        Actual
   Net                      Transition     Transition        Slack
   -----------------------------------------------------------------
   RdData[0]                    1.50          37.46         -35.96  (VIOLATED)
       PIN :   U0_RegFile/U355/Y
                                1.50          37.46         -35.96  (VIOLATED)
   RdData[1]                    1.50          37.46         -35.96  (VIOLATED)
       PIN :   U0_RegFile/U349/Y
                                1.50          37.46         -35.96  (VIOLATED)
   RdData[2]                    1.50          37.46         -35.96  (VIOLATED)
       PIN :   U0_RegFile/U353/Y
                                1.50          37.46         -35.96  (VIOLATED)
   RdData[3]                    1.50          37.46         -35.96  (VIOLATED)
       PIN :   U0_RegFile/U341/Y
                                1.50          37.46         -35.96  (VIOLATED)
   RdData[4]                    1.50          37.46         -35.96  (VIOLATED)
       PIN :   U0_RegFile/U343/Y
                                1.50          37.46         -35.96  (VIOLATED)
   RdData[5]                    1.50          37.46         -35.96  (VIOLATED)
       PIN :   U0_RegFile/U345/Y
                                1.50          37.46         -35.96  (VIOLATED)
   RdData[6]                    1.50          37.46         -35.96  (VIOLATED)
       PIN :   U0_RegFile/U347/Y
                                1.50          37.46         -35.96  (VIOLATED)
   RdData[7]                    1.50          37.46         -35.96  (VIOLATED)
       PIN :   U0_RegFile/U351/Y
                                1.50          37.46         -35.96  (VIOLATED)
   ALU_OUT[0]                   1.50          37.46         -35.96  (VIOLATED)
       PIN :   U5/Y             1.50          37.46         -35.96  (VIOLATED)
   ALU_OUT[1]                   1.50          37.46         -35.96  (VIOLATED)
       PIN :   U7/Y             1.50          37.46         -35.96  (VIOLATED)
   ALU_OUT[2]                   1.50          37.46         -35.96  (VIOLATED)
       PIN :   U9/Y             1.50          37.46         -35.96  (VIOLATED)
   ALU_OUT[3]                   1.50          37.46         -35.96  (VIOLATED)
       PIN :   U11/Y            1.50          37.46         -35.96  (VIOLATED)
   ALU_OUT[4]                   1.50          37.46         -35.96  (VIOLATED)
       PIN :   U13/Y            1.50          37.46         -35.96  (VIOLATED)
   ALU_OUT[5]                   1.50          37.46         -35.96  (VIOLATED)
       PIN :   U15/Y            1.50          37.46         -35.96  (VIOLATED)
   ALU_OUT[6]                   1.50          37.46         -35.96  (VIOLATED)
       PIN :   U17/Y            1.50          37.46         -35.96  (VIOLATED)
   ALU_OUT[7]                   1.50          37.46         -35.96  (VIOLATED)
       PIN :   U19/Y            1.50          37.46         -35.96  (VIOLATED)
   ALU_VLD                      1.50          37.46         -35.96  (VIOLATED)
       PIN :   U21/Y            1.50          37.46         -35.96  (VIOLATED)

   -----------------------------------------------------------------
   Total                      17               -611.32  

   max_capacitance

                             Required        Actual
   Net                      Capacitance    Capacitance       Slack
   -----------------------------------------------------------------
   ALU_OUT[0]                   3.69          75.03         -71.34  (VIOLATED)
   ALU_OUT[1]                   3.69          75.03         -71.34  (VIOLATED)
   ALU_OUT[2]                   3.69          75.03         -71.34  (VIOLATED)
   ALU_OUT[3]                   3.69          75.03         -71.34  (VIOLATED)
   ALU_OUT[4]                   3.69          75.03         -71.34  (VIOLATED)
   ALU_OUT[5]                   3.69          75.03         -71.34  (VIOLATED)
   ALU_OUT[6]                   3.69          75.03         -71.34  (VIOLATED)
   ALU_OUT[7]                   3.69          75.03         -71.34  (VIOLATED)
   ALU_VLD                      3.69          75.03         -71.34  (VIOLATED)
   RdData[0]                    3.69          75.03         -71.34  (VIOLATED)
   RdData[1]                    3.69          75.03         -71.34  (VIOLATED)
   RdData[2]                    3.69          75.03         -71.34  (VIOLATED)
   RdData[3]                    3.69          75.03         -71.34  (VIOLATED)
   RdData[4]                    3.69          75.03         -71.34  (VIOLATED)
   RdData[5]                    3.69          75.03         -71.34  (VIOLATED)
   RdData[6]                    3.69          75.03         -71.34  (VIOLATED)
   RdData[7]                    3.69          75.03         -71.34  (VIOLATED)

   -----------------------------------------------------------------
   Total                      17              -1212.75  

1
